#-----------------------------------------------------------
# Webtalk v2018.1 (64-bit)
# SW Build 2188600 on Wed Apr  4 18:40:38 MDT 2018
# IP Build 2185939 on Wed Apr  4 20:55:05 MDT 2018
# Start of session at: Sat Jul 21 14:22:08 2018
# Process ID: 9952
# Current directory: D:/git_repos/aes_encryption_vhdl_implementation/vivado_project/aes_encryption_implementation/aes_encryption_implementation.sim/sim_1/behav/xsim
# Command line: wbtcv.exe -mode batch -source D:/git_repos/aes_encryption_vhdl_implementation/vivado_project/aes_encryption_implementation/aes_encryption_implementation.sim/sim_1/behav/xsim/xsim.dir/mult_by_2_tb_behav/webtalk/xsim_webtalk.tcl -notrace
# Log file: D:/git_repos/aes_encryption_vhdl_implementation/vivado_project/aes_encryption_implementation/aes_encryption_implementation.sim/sim_1/behav/xsim/webtalk.log
# Journal file: D:/git_repos/aes_encryption_vhdl_implementation/vivado_project/aes_encryption_implementation/aes_encryption_implementation.sim/sim_1/behav/xsim\webtalk.jou
#-----------------------------------------------------------
source D:/git_repos/aes_encryption_vhdl_implementation/vivado_project/aes_encryption_implementation/aes_encryption_implementation.sim/sim_1/behav/xsim/xsim.dir/mult_by_2_tb_behav/webtalk/xsim_webtalk.tcl -notrace
