#-----------------------------------------------------------
# Vivado v2018.1_AR70908 (64-bit)
# SW Build 2188600 on Wed Apr  4 18:40:38 MDT 2018
# IP Build 2185939 on Wed Apr  4 20:55:05 MDT 2018
# Start of session at: Mon Jul 30 21:54:22 2018
# Process ID: 2948
# Current directory: D:/git_repos/aes_encryption_vhdl_implementation/vivado_project/aes_encryption_implementation
# Command line: vivado.exe -gui_launcher_event rodinguilauncherevent4468 D:\git_repos\aes_encryption_vhdl_implementation\vivado_project\aes_encryption_implementation\aes_encryption_implementation.xpr
# Log file: D:/git_repos/aes_encryption_vhdl_implementation/vivado_project/aes_encryption_implementation/vivado.log
# Journal file: D:/git_repos/aes_encryption_vhdl_implementation/vivado_project/aes_encryption_implementation\vivado.jou
#-----------------------------------------------------------
start_gui
open_project D:/git_repos/aes_encryption_vhdl_implementation/vivado_project/aes_encryption_implementation/aes_encryption_implementation.xpr
